[ptchr.nl/index.html]
[backblue.gif]
[fade.gif]
[index.html]
[ptchr.nl/wp-content/themes/theme-pitcher/favicon.ico]
[ptchr.nl/xmlrpc0db0.php]
[ptchr.nl/wp-includes/wlwmanifest.xml]
[ptchr.nl/wp-json/index.html]
[ptchr.nl/wp-json/oembed/1.0/embed8a92.json]
[ptchr.nl/wp-json/oembed/1.0/embed928c]
[api.salesfeed.com/v3/bootstrap4329.js]
[ptchr.nl/wp-content/uploads/2018/03/ptchr-HQ-24.jpg]
[ptchr.nl/wp-content/uploads/2018/03/ptchr-HQ-33.jpg]
[ptchr.nl/wp-content/uploads/2018/03/ptchr-HQ-44.jpg]
[ptchr.nl/wp-content/uploads/2018/03/ptchr-HQ-22.jpg]
[ptchr.nl/wp-content/uploads/2018/03/ptchr-HQ-12.jpg]
[ptchr.nl/wp-content/themes/theme-pitcher/assets/img/cases/amazing/corporate/amazing-header.jpg]
[ptchr.nl/ons-werk/index.html]
[ptchr.nl/wat-we-doen/index.html]
[ptchr.nl/leer-ons-kennen/index.html]
[ptchr.nl/wp-content/themes/theme-pitcher/assets/img/cases/amazing/corporate/amazing-header-component.png]
[ptchr.nl/contact/index.html]
[ptchr.nl/ons-werk/mailcampaigns/index.html]
[ptchr.nl/wp-content/themes/theme-pitcher/assets/img/cases/mobillie/mobillie_iphone-left.png]
[ptchr.nl/wp-content/themes/theme-pitcher/assets/img/cases/mobillie/mobillie_iphone-right.png]
[ptchr.nl/wp-content/themes/theme-pitcher/assets/img/cases/mobillie/mobillie_header-component.png]
[ptchr.nl/wp-includes/js/wp-embed.mincbf4.js]
[ptchr.nl/wp-content/plugins/contact-form-7/images/ajax-loader.gif]
[ptchr.nl/ons-werk/amazing-oriental/index.html]
[ptchr.nl/wp-includes/js/jquery/jqueryb8ff.js]
[ptchr.nl/wp-includes/js/jquery/jquery-migrate.min330a.js]
[ptchr.nl/wp-content/themes/theme-pitcher/assets/js/library5152.js]
[ptchr.nl/wp-content/themes/theme-pitcher/assets/js/main5152.js]
[ptchr.nl/wp-content/themes/theme-pitcher/assets/js/parallax5152.js]
[ptchr.nl/wp-content/themes/theme-pitcher/assets/js/jquery.cookie5152.js]
[ptchr.nl/wp-content/plugins/jquery-validation-for-contact-form-7/js/jquery.validate.mincbf4.js]
[ptchr.nl/wp-content/plugins/jquery-validation-for-contact-form-7/js/jquery.jvcf7_validationcbf4.js]
[ptchr.nl/wp-content/plugins/wpcf7-redirect/js/wpcf7-redirect-script.js]
[ptchr.nl/index.html]
[ptchr.nl/ribbons/awwwards_honorable_black_left.png]
[ptchr.nl/ribbons/awwwards_honorable_black_right.png]
[ptchr.nl/ribbons/awwwards_honorable_silver_left.png]
[ptchr.nl/ribbons/awwwards_honorable_silver_right.png]
[ptchr.nl/ribbons/awwwards_honorable_white_left.png]
[ptchr.nl/ribbons/awwwards_honorable_white_right.png]
[ptchr.nl/ribbons/awwwards_honorable_green_left.png]
[ptchr.nl/ribbons/awwwards_honorable_green_right.png]
[ptchr.nl/ribbons/awwwards_honorable_black_left@2x.png]
[ptchr.nl/ribbons/awwwards_honorable_black_right@2x.png]
[ptchr.nl/ribbons/awwwards_honorable_silver_left@2x.png]
[ptchr.nl/ribbons/awwwards_honorable_silver_right@2x.png]
[ptchr.nl/ribbons/awwwards_honorable_white_left@2x.png]
[ptchr.nl/ribbons/awwwards_honorable_white_right@2x.png]
[ptchr.nl/ribbons/awwwards_honorable_green_left@2x.png]
[ptchr.nl/ribbons/awwwards_honorable_green_right@2x.png]
[ptchr.nl/awwwards.css]
[ptchr.nl/wp-content/themes/theme-pitcher/assets/css/ajax-loader.gif]
[ptchr.nl/wp-content/themes/theme-pitcher/assets/css/fonts/slick.eot]
[ptchr.nl/wp-content/themes/theme-pitcher/assets/css/fonts/slickd41d.eot]
[ptchr.nl/wp-content/themes/theme-pitcher/assets/css/fonts/slick.woff]
[ptchr.nl/wp-content/themes/theme-pitcher/assets/css/fonts/slick.ttf]
[ptchr.nl/wp-content/themes/theme-pitcher/assets/css/fonts/slick.svg]
[ptchr.nl/wp-content/themes/theme-pitcher/assets/fonts/pitcher.eot]
[ptchr.nl/wp-content/themes/theme-pitcher/assets/fonts/pitcher.woff]
[ptchr.nl/wp-content/themes/theme-pitcher/assets/fonts/pitcher.ttf]
[ptchr.nl/wp-content/themes/theme-pitcher/assets/img/icons/sort.png]
[ptchr.nl/wp-content/themes/theme-pitcher/assets/img/icons/search.png]
[ptchr.nl/wp-content/themes/theme-pitcher/assets/img/icons/down.png]
[ptchr.nl/wp-content/themes/theme-pitcher/assets/img/logo.png]
[ptchr.nl/wp-content/themes/theme-pitcher/assets/img/logo@2x.png]
[ptchr.nl/wp-content/themes/theme-pitcher/assets/img/icons/circle_down.png]
[ptchr.nl/wp-content/themes/theme-pitcher/assets/img/icons/plus.png]
[ptchr.nl/wp-content/themes/theme-pitcher/assets/css/owl.video.play.png]
[ptchr.nl/wp-content/themes/theme-pitcher/assets/img/placeholders/work_project_bg_1.jpg]
[ptchr.nl/wp-content/themes/theme-pitcher/assets/img/placeholders/work_project_bg_2.jpg]
[ptchr.nl/wp-content/themes/theme-pitcher/assets/img/placeholders/work_project_bg_3.jpg]
[ptchr.nl/wp-content/themes/theme-pitcher/assets/img/icons/down2.png]
[ptchr.nl/wp-content/themes/theme-pitcher/assets/img/icons/down2_white.png]
[ptchr.nl/wp-content/themes/theme-pitcher/assets/img/icons/right_white.png]
[ptchr.nl/wp-content/themes/theme-pitcher/assets/img/icons/watwedo_journey.png]
[ptchr.nl/wp-content/themes/theme-pitcher/assets/img/icons/watwedo_workshop.png]
[ptchr.nl/wp-content/themes/theme-pitcher/assets/img/icons/watwedo_strategie.png]
[ptchr.nl/wp-content/themes/theme-pitcher/assets/img/icons/advice_white.png]
[ptchr.nl/wp-content/themes/theme-pitcher/assets/img/icons/down_special.png]
[ptchr.nl/wp-content/themes/theme-pitcher/assets/img/icons/right.png]
[ptchr.nl/wp-content/themes/theme-pitcher/assets/img/tiled_edges_black.png]
[ptchr.nl/wp-content/themes/theme-pitcher/assets/img/icons/left.png]
[ptchr.nl/wp-content/themes/theme-pitcher/assets/img/pattern_grey.jpg]
[ptchr.nl/wp-content/themes/theme-pitcher/assets/img/placeholders/gettoknowus_service_ecommerce.png]
[ptchr.nl/wp-content/themes/theme-pitcher/assets/img/placeholders/gettoknowus_service_branding.png]
[ptchr.nl/wp-content/themes/theme-pitcher/assets/img/placeholders/gettoknowus_service_strategie.png]
[ptchr.nl/wp-content/themes/theme-pitcher/assets/img/placeholders/gettoknowus_service_campagnes.png]
[ptchr.nl/wp-content/themes/theme-pitcher/assets/css/appcbf4.css]
[ptchr.nl/wp-content/themes/theme-pitcher/assets/img/pitcher_logo_black.svg]
[ptchr.nl/ons-werk/awwwards.css]
[ptchr.nl/wp-json/oembed/1.0/embed4175.json]
[ptchr.nl/wp-json/oembed/1.0/embed8abe]
[ptchr.nl/wp-content/uploads/2018/02/broilking-logo.png]
[ptchr.nl/wp-content/uploads/2018/03/livingfurn-logo-154-51.png]
[ptchr.nl/wp-content/themes/theme-pitcher/assets/img/cases/vacuvita/vacuvita-parallax-1.png]
[ptchr.nl/wp-content/themes/theme-pitcher/assets/img/cases/vacuvita/vacuvita-parallax-2.png]
[ptchr.nl/wp-content/themes/theme-pitcher/assets/img/cases/vacuvita/vacuvita-parallax-3.png]
[ptchr.nl/wp-content/themes/theme-pitcher/assets/img/cases/vacuvita/vacuvita-parallax-4.png]
[ptchr.nl/wp-content/themes/theme-pitcher/assets/img/cases/vacuvita/vacuvita-box.jpg]
[ptchr.nl/wp-content/themes/theme-pitcher/assets/img/cases/broilking/broilking_header-stars.png]
[ptchr.nl/wp-content/themes/theme-pitcher/assets/img/cases/broilking/broilking_header-bbq.png]
[ptchr.nl/wp-content/themes/theme-pitcher/assets/img/cases/broilking/broilking_header-bear.png]
[ptchr.nl/ons-werk/vacuvita/index.html]
[ptchr.nl/wp-content/uploads/2018/02/header-background.jpg]
[ptchr.nl/wp-content/themes/theme-pitcher/assets/img/cases/ifit/header-background.jpg]
[ptchr.nl/wp-content/themes/theme-pitcher/assets/img/cases/protopro/header-background.png]
[ptchr.nl/wp-content/themes/theme-pitcher/assets/img/cases/theaterspeeldoos/header-background.jpg]
[ptchr.nl/wp-content/uploads/2018/03/Amazing-webshop_1920x1200_acf_cropped.jpg]
[ptchr.nl/ons-werk/broilking/index.html]
[ptchr.nl/wp-content/uploads/2018/03/Livingfurn_webshop_1920x1200_1920x1200_acf_cropped.jpg]
[ptchr.nl/wp-content/uploads/2018/03/Yourco_1920x1200_acf_cropped.jpg]
[ptchr.nl/wp-content/uploads/2018/03/Gimex_1920x1200_acf_cropped.jpg]
[ptchr.nl/ons-werk/index.html]
[ptchr.nl/ons-werk/autotaalglas/index.html]
[ptchr.nl/wat-we-doen/awwwards.css]
[ptchr.nl/wp-json/oembed/1.0/embed6148.json]
[ptchr.nl/wp-json/oembed/1.0/embedd3de]
[ptchr.nl/wp-content/uploads/2018/03/ptchr-HQ-67-500x300.jpg]
[ptchr.nl/wp-content/uploads/2018/02/ptchr-HQ-48-500x300.jpg]
[ptchr.nl/diensten/e-commerce/index.html]
[ptchr.nl/wp-content/uploads/2018/03/ptchr-HQ-33-500x300.jpg]
[ptchr.nl/wp-content/uploads/2018/03/ptchr-HQ-58-500x300.jpg]
[ptchr.nl/diensten/digitalestrategie/index.html]
[ptchr.nl/wp-content/uploads/2018/03/ptchr-HQ-29-500x300.jpg]
[ptchr.nl/diensten/onlinemarketing/index.html]
[ptchr.nl/diensten/optimalisatie/index.html]
[ptchr.nl/wp-content/uploads/2018/03/ptchr-HQ-44-500x300.jpg]
[ptchr.nl/diensten/websites/index.html]
[ptchr.nl/wat-we-doen/index.html]
[ptchr.nl/diensten/branding/index.html]
[ptchr.nl/leer-ons-kennen/awwwards.css]
[ptchr.nl/wp-json/oembed/1.0/embed1d60.json]
[ptchr.nl/wp-json/oembed/1.0/embeddd6c]
[ptchr.nl/wp-content/uploads/2018/03/ptchr-HQ-22_1920x1200_acf_cropped.jpg]
[ptchr.nl/wp-content/uploads/2018/03/ptchr-HQ-2.jpg]
[ptchr.nl/wp-content/uploads/2018/03/ptchr-HQ-23.jpg]
[ptchr.nl/wp-content/uploads/2018/03/ptchr-HQ-54_650x542_acf_cropped.jpg]
[ptchr.nl/leer-ons-kennen/index.html]
[ptchr.nl/onze-aanpak/index.html]
[ptchr.nl/vacatures/index.html]
[ptchr.nl/contactformulier/index.html]
[ptchr.nl/contact/awwwards.css]
[ptchr.nl/wp-json/oembed/1.0/embedac87.json]
[ptchr.nl/wp-json/oembed/1.0/embedd7b5]
[ptchr.nl/wp-content/uploads/2018/03/ptchr-HQ-12_1920x850_acf_cropped.jpg]
[ptchr.nl/contact/index.html]
[ptchr.nl/wp-content/uploads/2018/02/facebook.svg]
[ptchr.nl/wp-content/themes/theme-pitcher/assets/img/cases/mailcampaigns/cloud-1.svg]
[ptchr.nl/wp-content/themes/theme-pitcher/assets/img/cases/mailcampaigns/cloud-2.svg]
[ptchr.nl/ons-werk/mailcampaigns/awwwards.a7.delayed]
[ptchr.nl/wp-json/oembed/1.0/embedafb7.json]
[ptchr.nl/wp-json/oembed/1.0/embed10be]
[ptchr.nl/wp-content/themes/theme-pitcher/assets/img/cases/mailcampaigns/placeholders/MailCampaigns-scroll.jpg]
[ptchr.nl/wp-content/themes/theme-pitcher/assets/img/cases/broilking/placeholders/Broil-King-mockup.png]
[ptchr.nl/wp-content/themes/theme-pitcher/assets/img/cases/mailcampaigns/mailcampaigns_iphone.png]
[ptchr.nl/wp-content/themes/theme-pitcher/assets/img/cases/mailcampaigns/about-mees.png]
[ptchr.nl/wp-content/themes/theme-pitcher/assets/img/cases/mailcampaigns/placeholders/01.png]
[ptchr.nl/wp-content/themes/theme-pitcher/assets/img/cases/mailcampaigns/placeholders/02.png]
[ptchr.nl/wp-content/themes/theme-pitcher/assets/img/cases/mailcampaigns/placeholders/03.png]
[ptchr.nl/wp-content/themes/theme-pitcher/assets/img/cases/mailcampaigns/placeholders/04.png]
[ptchr.nl/wp-content/themes/theme-pitcher/assets/img/cases/mailcampaigns/placeholders/05.png]
[ptchr.nl/wp-content/themes/theme-pitcher/assets/img/cases/mailcampaigns/placeholders/06.png]
[ptchr.nl/wp-content/themes/theme-pitcher/assets/img/cases/mailcampaigns/placeholders/07.png]
[ptchr.nl/wp-content/uploads/2018/02/vacuvita.png]
[ptchr.nl/ons-werk/mailcampaigns/index.html]
[ptchr.nl/ons-werk/amazing-oriental/awwwards.css]
[ptchr.nl/wp-json/oembed/1.0/embed7daf.json]
[ptchr.nl/wp-json/oembed/1.0/embedfc39]
[ptchr.nl/wp-content/themes/theme-pitcher/assets/img/cases/amazing/corporate/amazing_bg.jpg]
[ptchr.nl/wp-content/themes/theme-pitcher/assets/img/cases/amazing/corporate/Amazing-Desktop scroll.jpg]
[ptchr.nl/wp-content/themes/theme-pitcher/assets/img/cases/amazing/corporate/amazing_iphone.png]
[ptchr.nl/wp-content/themes/theme-pitcher/assets/img/cases/amazing/corporate/amazing_bg-food.jpg]
[ptchr.nl/wp-content/themes/theme-pitcher/assets/img/cases/amazing/corporate/amazing_component-1.png]
[ptchr.nl/wp-content/themes/theme-pitcher/assets/img/cases/amazing/corporate/amazing_component-2.png]
[ptchr.nl/wp-content/themes/theme-pitcher/assets/img/cases/amazing/corporate/amazing_zoek-winkel-1.png]
[ptchr.nl/wp-content/themes/theme-pitcher/assets/img/cases/amazing/corporate/amazing_zoek-winkel-2.jpg]
[ptchr.nl/wp-content/themes/theme-pitcher/assets/img/cases/amazing/corporate/amazing_zoek-winkel-3.png]
[ptchr.nl/wp-content/themes/theme-pitcher/assets/img/cases/amazing/corporate/placeholders/Amazing-Mockup01.png]
[ptchr.nl/wp-content/themes/theme-pitcher/assets/img/cases/amazing/corporate/placeholders/Amazing-Mockup02.png]
[ptchr.nl/wp-content/themes/theme-pitcher/assets/img/cases/amazing/corporate/placeholders/Amazing-Mockup03.png]
[ptchr.nl/wp-content/themes/theme-pitcher/assets/img/cases/amazing/corporate/placeholders/Amazing-Mockup04.png]
[ptchr.nl/wp-content/themes/theme-pitcher/assets/img/cases/amazing/corporate/placeholders/Amazing-Mockup05.png]
[ptchr.nl/wp-content/themes/theme-pitcher/assets/img/cases/amazing/corporate/placeholders/Amazing-Mockup06.png]
[ptchr.nl/wp-content/themes/theme-pitcher/assets/img/cases/amazing/corporate/placeholders/Amazing-Mockup07.png]
[ptchr.nl/wp-content/themes/theme-pitcher/assets/img/cases/amazing/corporate/placeholders/Amazing-Mockup08.png]
[ptchr.nl/wp-content/uploads/2018/02/mailcampaigns.png]
[ptchr.nl/ons-werk/amazing-oriental/index.html]
[ptchr.nl/wp-content/plugins/contact-form-7/includes/css/styles972f.css]
[ptchr.nl/wp-content/plugins/jquery-validation-for-contact-form-7/css/jvcf7_validatecbf4.css]
[ptchr.nl/wp-content/themes/theme-pitcher/assets/css/ajax-loader.html]
[ptchr.nl/wp-content/themes/theme-pitcher/assets/css/fonts/slick.html]
[ptchr.nl/wp-content/themes/theme-pitcher/assets/css/fonts/slickd41d.html]
[ptchr.nl/wp-content/themes/theme-pitcher/assets/css/fonts/slick-2.html]
[ptchr.nl/wp-content/themes/theme-pitcher/assets/css/fonts/slick-3.html]
[ptchr.nl/wp-content/themes/theme-pitcher/assets/css/fonts/slick-4.html]
[ptchr.nl/wp-content/themes/theme-pitcher/assets/fonts/pitcher.html]
[ptchr.nl/wp-content/themes/theme-pitcher/assets/fonts/pitcher.svg]
[ptchr.nl/wp-content/themes/theme-pitcher/assets/img/logo.html]
[ptchr.nl/wp-content/themes/theme-pitcher/assets/img/logo@2x.html]
[ptchr.nl/wp-content/themes/theme-pitcher/assets/img/cases/mailcampaigns/illustration.svg]
[ptchr.nl/wp-content/themes/theme-pitcher/assets/img/cases/mailcampaigns/windmill-new.svg]
[ptchr.nl/wp-content/themes/theme-pitcher/assets/img/cases/theaterspeeldoos/kartelrand.svg]
[ptchr.nl/wp-content/themes/theme-pitcher/assets/img/icons/arrow_down_white.svg]
[ptchr.nl/wp-content/themes/theme-pitcher/assets/img/icons/arrow_up_white.svg]
[ptchr.nl/wp-content/themes/theme-pitcher/assets/img/icons/arrow_up_black.svg]
[ptchr.nl/wp-content/themes/theme-pitcher/assets/img/icons/arrow_down_black.svg]
[ptchr.nl/wp-content/themes/theme-pitcher/assets/css/owl.video.play.html]
[ptchr.nl/ons-werk/awwwards.html]
[ptchr.nl/index5a6a.html]
[ptchr.nl/wp-content/uploads/2018/02/amazing-logo.svg]
[ptchr.nl/wp-content/uploads/2018/02/logo-mailcampaigns.svg]
[ptchr.nl/wp-content/uploads/2018/02/logo-vacuvita.svg]
[ptchr.nl/wp-content/uploads/2018/02/logo-mobillie.svg]
[ptchr.nl/wp-content/uploads/2018/02/logo-autotaalglas.svg]
[ptchr.nl/wp-content/uploads/2018/02/logo-ifit.svg]
[ptchr.nl/wp-content/uploads/2018/02/logo-protopro.svg]
[ptchr.nl/wp-content/uploads/2018/02/logo-theaterspeeldoos.svg]
[ptchr.nl/wp-content/uploads/2018/03/Yourco-Logo-DIAP.svg]
[ptchr.nl/wp-content/uploads/2018/03/Logo-Gimex.svg]
[ptchr.nl/ons-werk/vacuvita/awwwards.d2.delayed]
[ptchr.nl/wp-json/oembed/1.0/embed84b0.json]
[ptchr.nl/wp-json/oembed/1.0/embed1824]
[ptchr.nl/wp-content/themes/theme-pitcher/assets/img/cases/vacuvita/vacuvita-basil.png]
[ptchr.nl/wp-content/themes/theme-pitcher/assets/img/cases/broilking/placeholders/large-case.jpg]
[ptchr.nl/wp-content/themes/theme-pitcher/assets/img/cases/vacuvita/vacuvita-iphone.png]
[ptchr.nl/wp-content/themes/theme-pitcher/assets/img/cases/vacuvita/vacuvita-landing-1.jpg]
[ptchr.nl/wp-content/themes/theme-pitcher/assets/img/cases/vacuvita/vacuvita-landing-2.jpg]
[ptchr.nl/wp-content/themes/theme-pitcher/assets/img/cases/vacuvita/vacuvita-landing-3.jpg]
[ptchr.nl/wp-content/themes/theme-pitcher/assets/img/cases/vacuvita/placeholders/01.png]
[ptchr.nl/wp-content/themes/theme-pitcher/assets/img/cases/vacuvita/placeholders/02.png]
[ptchr.nl/wp-content/themes/theme-pitcher/assets/img/cases/vacuvita/placeholders/03.png]
[ptchr.nl/wp-content/themes/theme-pitcher/assets/img/cases/vacuvita/placeholders/04.png]
[ptchr.nl/ons-werk/vacuvita/index.html]
[ptchr.nl/ons-werk/broilking/awwwards.df.delayed]
[ptchr.nl/wp-json/oembed/1.0/embed5d28.json]
[ptchr.nl/wp-json/oembed/1.0/embedc277]
[ptchr.nl/wp-content/themes/theme-pitcher/assets/img/cases/broilking/broilking_star-bg.jpg]
[ptchr.nl/wp-content/themes/theme-pitcher/assets/img/cases/broilking/placeholders/PDP.jpg]
[ptchr.nl/wp-content/themes/theme-pitcher/assets/img/cases/broilking/broilking_bbq-1.png]
[ptchr.nl/wp-content/themes/theme-pitcher/assets/img/cases/broilking/broilking_bbq-2.png]
[ptchr.nl/wp-content/themes/theme-pitcher/assets/img/cases/broilking/broilking_bbq-3.png]
[ptchr.nl/wp-content/themes/theme-pitcher/assets/img/cases/broilking/broilking_people-bg.jpg]
[ptchr.nl/wp-content/themes/theme-pitcher/assets/img/cases/broilking/placeholders/01.png]
[ptchr.nl/wp-content/themes/theme-pitcher/assets/img/cases/broilking/placeholders/02.png]
[ptchr.nl/wp-content/themes/theme-pitcher/assets/img/cases/broilking/placeholders/03.png]
[ptchr.nl/wp-content/themes/theme-pitcher/assets/img/cases/broilking/placeholders/04.png]
[ptchr.nl/wp-content/themes/theme-pitcher/assets/img/cases/broilking/placeholders/05.png]
[ptchr.nl/wp-content/themes/theme-pitcher/assets/img/cases/broilking/placeholders/06.png]
[ptchr.nl/ons-werk/broilking/index.html]
[ptchr.nl/ons-werk/autotaalglas/awwwards.css]
[ptchr.nl/wp-json/oembed/1.0/embed1c06.json]
[ptchr.nl/wp-json/oembed/1.0/embedf9dc]
[ptchr.nl/wp-content/uploads/2018/02/amazing-header.jpg]
[ptchr.nl/ons-werk/autotaalglas/index.html]
[ptchr.nl/wp-content/themes/theme-pitcher/assets/img/cases/theaterspeeldoos/header-component.svg]
[ptchr.nl/wat-we-doen/awwwards.html]
[ptchr.nl/indexc8fa.html]
[ptchr.nl/diensten/e-commerce/awwwards.f2.delayed]
[ptchr.nl/wp-json/oembed/1.0/embed4bfd.json]
[ptchr.nl/wp-json/oembed/1.0/embedb22b]
[ptchr.nl/wp-content/uploads/2018/03/ptchr-HQ-67_1920x850_acf_cropped.jpg]
[ptchr.nl/wp-content/uploads/2018/03/ptchr-HQ-2_1920x850_acf_cropped.jpg]
[ptchr.nl/wp-content/uploads/2018/03/ptchr-oriental-mobile-blur.png]
[ptchr.nl/wp-content/uploads/2018/04/ptchr-HQ-16_1920x850_acf_cropped.jpg]
[ptchr.nl/wp-content/uploads/2018/04/ptchr-HQ-33_1920x850_acf_cropped-1.jpg]
[ptchr.nl/diensten/e-commerce/index.html]
[ptchr.nl/wp-content/uploads/2018/03/webshops-icon.svg]
[ptchr.nl/wp-content/uploads/2018/03/salesfunnels-icon.svg]
[ptchr.nl/wp-content/uploads/2018/03/magento2-icon.svg]
[ptchr.nl/diensten/digitalestrategie/awwwards.css]
[ptchr.nl/wp-json/oembed/1.0/embedae7d.json]
[ptchr.nl/wp-json/oembed/1.0/embed8b91]
[ptchr.nl/wp-content/uploads/2018/03/ptchr-HQ-48_1920x850_acf_cropped.jpg]
[ptchr.nl/wp-content/themes/theme-pitcher/assets/img/placeholders/component-mailcampaigns-blur.png]
[ptchr.nl/wp-content/themes/theme-pitcher/assets/img/placeholders/component-mailcampaigns.png]
[ptchr.nl/diensten/digitalestrategie/index.html]
[ptchr.nl/wp-content/uploads/2018/02/positionering-icon.svg]
[ptchr.nl/wp-content/uploads/2018/02/customerjourney-icon.svg]
[ptchr.nl/wp-content/uploads/2018/02/personaworkshop-icon.svg]
[ptchr.nl/diensten/onlinemarketing/awwwards.css]
[ptchr.nl/wp-json/oembed/1.0/embed77fb.json]
[ptchr.nl/wp-json/oembed/1.0/embed0aec]
[ptchr.nl/wp-content/uploads/2018/03/ptchr-HQ-33_1920x850_acf_cropped-1.jpg]
[ptchr.nl/diensten/onlinemarketing/index.html]
[ptchr.nl/wp-content/uploads/2018/03/emailmarketing-icon.svg]
[ptchr.nl/wp-content/uploads/2018/03/googlesem-icon.svg]
[ptchr.nl/wp-content/uploads/2018/03/socialmarketing-icon.svg]
[ptchr.nl/diensten/optimalisatie/awwwards.css]
[ptchr.nl/wp-json/oembed/1.0/embed40cf.json]
[ptchr.nl/wp-json/oembed/1.0/embeda6f4]
[ptchr.nl/wp-content/uploads/2018/03/ptchr-HQ-58_1920x850_acf_cropped.jpg]
[ptchr.nl/wp-content/uploads/2018/03/ptchr-oriental-mobile-sharp.png]
[ptchr.nl/diensten/optimalisatie/index.html]
[ptchr.nl/wp-content/uploads/2018/03/ab-icon-3.svg]
[ptchr.nl/wp-content/uploads/2018/03/expertreview-icon-1.svg]
[ptchr.nl/wp-content/uploads/2018/03/cardsorting-icon-1.svg]
[ptchr.nl/diensten/websites/awwwards.css]
[ptchr.nl/wp-json/oembed/1.0/embed69b1.json]
[ptchr.nl/wp-json/oembed/1.0/embed8b2e]
[ptchr.nl/wp-content/uploads/2018/03/ptchr-HQ-29_1920x850_acf_cropped.jpg]
[ptchr.nl/wp-content/uploads/2018/03/ptchr-ifit-mobile-blur.png]
[ptchr.nl/wp-content/uploads/2018/03/ptchr-ifit-mobile-sharp.png]
[ptchr.nl/diensten/websites/index.html]
[ptchr.nl/wp-content/uploads/2018/03/responsivedesign-icon.svg]
[ptchr.nl/wp-content/uploads/2018/03/development-icon.svg]
[ptchr.nl/wp-content/uploads/2018/03/opensource-icon.svg]
[ptchr.nl/diensten/branding/awwwards.css]
[ptchr.nl/wp-json/oembed/1.0/embedc1b9.json]
[ptchr.nl/wp-json/oembed/1.0/embed282a]
[ptchr.nl/wp-content/uploads/2018/03/ptchr-HQ-44_1920x850_acf_cropped.jpg]
[ptchr.nl/wp-content/uploads/2018/02/component-carousel-1.png]
[ptchr.nl/wp-content/uploads/2018/03/ptchr-vacuvita-slider-browser.png]
[ptchr.nl/diensten/branding/index.html]
[ptchr.nl/wp-content/uploads/2018/03/logohuisstijl-icon.svg]
[ptchr.nl/wp-content/uploads/2018/03/merkontwikkeling-icon.svg]
[ptchr.nl/wp-content/uploads/2018/03/campagnes-icon.svg]
[ptchr.nl/leer-ons-kennen/awwwards.html]
[ptchr.nl/indexf45e.html]
[ptchr.nl/onze-aanpak/awwwards.css]
[ptchr.nl/wp-json/oembed/1.0/embede2f5.json]
[ptchr.nl/wp-json/oembed/1.0/embed5719]
[ptchr.nl/wp-content/themes/theme-pitcher/assets/img/placeholders/component-custom-bg.png]
[ptchr.nl/wp-content/uploads/2018/03/component-macbook-mockup-1.png]
[ptchr.nl/wp-content/uploads/2018/02/ptchr-HQ-48.jpg]
[ptchr.nl/wp-content/uploads/2018/03/ptchr-HQ-58.jpg]
[ptchr.nl/wp-content/uploads/2018/03/Amazing-Mockup-01-1024x673.png]
[ptchr.nl/wp-content/uploads/2018/03/Mailcampaings-Mockup-01-1024x673.png]
[ptchr.nl/wp-content/uploads/2018/03/Mailcampaings-Mockup-03-1024x673.png]
[ptchr.nl/wp-content/uploads/2018/03/Amazing-Mockup-08-1024x673.png]
[ptchr.nl/wp-content/uploads/2018/03/Broil-King-Mockup-02-1024x673.png]
[ptchr.nl/wp-content/uploads/2018/03/Vacuvita-Mockup-01-1024x673.png]
[ptchr.nl/wp-content/uploads/2018/03/Broil-King-Mockup-01-1024x673.png]
[ptchr.nl/onze-aanpak/index.html]
[ptchr.nl/wp-content/themes/theme-pitcher/assets/img/icons/arrow_right_white.svg]
[ptchr.nl/vacatures/awwwards.135.delayed]
[ptchr.nl/wp-json/oembed/1.0/embed2e26.json]
[ptchr.nl/wp-json/oembed/1.0/embed6bca]
[ptchr.nl/wp-content/uploads/2018/03/ptchr-HQ-18_1920x850_acf_cropped.jpg]
[ptchr.nl/wp-content/uploads/2018/03/ptchr-HQ-66.jpg]
[ptchr.nl/wp-content/uploads/2018/03/ptchr-HQ-16.jpg]
[ptchr.nl/wp-content/uploads/2018/03/ptchr-HQ-20.jpg]
[ptchr.nl/vacatures/index.html]
[ptchr.nl/contactformulier/awwwards.css]
[ptchr.nl/wp-json/oembed/1.0/embed8930.json]
[ptchr.nl/wp-json/oembed/1.0/embed7164]
[ptchr.nl/contactformulier/index.html]
[ptchr.nl/contact/awwwards.html]
[ptchr.nl/indexd1c3.html]
[ptchr.nl/ons-werk/mailcampaigns/awwwards.html]
[ptchr.nl/index0c93.html]
[ptchr.nl/wp-content/themes/theme-pitcher/assets/img/cases/mailcampaigns/mailcampaigns_logo.svg]
[ptchr.nl/wp-content/themes/theme-pitcher/assets/img/cases/mailcampaigns/mailcampaigns_decoration-1.svg]
[ptchr.nl/wp-content/themes/theme-pitcher/assets/img/cases/line-bg.svg]
[ptchr.nl/ons-werk/amazing-oriental/awwwards.html]
[ptchr.nl/index548d.html]
[ptchr.nl/wp-content/themes/theme-pitcher/assets/img/cases/amazing/corporate/amazing-step-1.svg]
[ptchr.nl/wp-content/themes/theme-pitcher/assets/img/cases/amazing/corporate/amazing-step-2.svg]
[ptchr.nl/wp-content/themes/theme-pitcher/assets/img/cases/amazing/corporate/amazing-step-3.svg]
[ptchr.nl/wp-content/themes/theme-pitcher/assets/img/cases/amazing/corporate/amazing-step-4.svg]
[ptchr.nl/ons-werk/vacuvita/awwwards.html]
[ptchr.nl/index03bd.html]
[ptchr.nl/ons-werk/broilking/awwwards.html]
[ptchr.nl/indexca7f.html]
[ptchr.nl/ons-werk/autotaalglas/awwwards.html]
[ptchr.nl/index1641.html]
[ptchr.nl/diensten/e-commerce/awwwards.html]
[ptchr.nl/indexf034.html]
[ptchr.nl/diensten/digitalestrategie/awwwards.html]
[ptchr.nl/indexc351.html]
[ptchr.nl/diensten/onlinemarketing/awwwards.html]
[ptchr.nl/indexb0f8.html]
[ptchr.nl/diensten/optimalisatie/awwwards.html]
[ptchr.nl/index0ae0.html]
[ptchr.nl/diensten/websites/awwwards.html]
[ptchr.nl/index8bcd.html]
[ptchr.nl/diensten/branding/awwwards.html]
[ptchr.nl/index47dc.html]
[ptchr.nl/onze-aanpak/awwwards.html]
[ptchr.nl/index5723.html]
[ptchr.nl/vacatures/awwwards.html]
[ptchr.nl/index21b4.html]
[ptchr.nl/contactformulier/awwwards.html]
[ptchr.nl/indexa102.html]
